// Jest Snapshot v1, https://goo.gl/fbAQLP

exports[`GRANDstack UserCount component should render the Total Users chart after receiving data 1`] = `"<h2 class=\\"MuiTypography-root MuiTypography-h6 MuiTypography-colorPrimary MuiTypography-gutterBottom\\">Total Users</h2><p class=\\"MuiTypography-root MuiTypography-h4\\">4</p><p class=\\"MuiTypography-root makeStyles-depositContext-1 MuiTypography-body1 MuiTypography-colorTextSecondary\\">users found</p><div><a class=\\"makeStyles-navLink-2\\" href=\\"/\\">View users</a></div>"`;
